src/pages/Dashboard.tsx(4,5): error TS6133: 'BarChart2' is declared but its value is never read.
src/pages/Dashboard.tsx(4,16): error TS6133: 'LogOut' is declared but its value is never read.
src/pages/Dashboard.tsx(4,56): error TS6133: 'UserPlus' is declared but its value is never read.
src/pages/Dashboard.tsx(4,66): error TS6133: 'FileText' is declared but its value is never read.
src/pages/Dashboard.tsx(8,1): error TS6192: All imports in import declaration are unused.
src/pages/Dashboard.tsx(12,79): error TS2307: Cannot find module '@/components/ui/select' or its corresponding type declarations.
src/pages/Dashboard.tsx(15,5): error TS6133: 'LineChart' is declared but its value is never read.
src/pages/Dashboard.tsx(119,11): error TS6133: 'navigate' is declared but its value is never read.
